[2024-01-29 12:06:49.790] [info] Updating Model file from 20303 to latest format...
[2024-01-29 12:06:49.872] [info] Loaded model 3DGaitModel2354 from file C:\Users\blp7\LocalWorkSpace\partload\partload\+partload\@ModelBuilder\Templates\gait2354_simbody.osim
[2024-01-29 12:06:50.007] [info] ControllerSet 'Controllers' was renamed and is being reset to 'controllerset'.
[2024-01-29 12:06:50.008] [info] ComponentSet 'MiscComponents' was renamed and is being reset to 'componentset'.
[2024-01-29 12:08:38.880] [info] Updated markers in model 3DGaitModel2354
[2024-01-29 12:11:54.794] [info] Updating Model file from 20303 to latest format...
[2024-01-29 12:11:54.834] [info] Loaded model 3DGaitModel2392 from file C:\Users\blp7\LocalWorkSpace\partload\partload\+partload\@ModelBuilder\Templates\gait2392_simbody.osim
[2024-01-29 12:11:54.844] [info] ControllerSet 'Controllers' was renamed and is being reset to 'controllerset'.
[2024-01-29 12:11:54.845] [info] ComponentSet 'MiscComponents' was renamed and is being reset to 'componentset'.
[2024-01-29 12:12:04.788] [info] Updated markers in model 3DGaitModel2392
[2024-01-29 12:25:45.956] [info] Loaded model PL001 from file C:\Users\blp7\LocalWorkSpace\partload\PL001\model\PL001.osim
[2024-01-29 12:27:02.806] [info] Loaded marker file C:\Users\blp7\LocalWorkSpace\partload\PL001\model\PL001.trc (94 markers, 27 frames)
[2024-01-29 12:27:02.807] [info] Measurement 'torso'
[2024-01-29 12:27:02.807] [warning] Marker C7 in torso measurement not found in PL001.
[2024-01-29 12:27:02.807] [warning] Marker C7 in torso measurement not found in C:\Users\blp7\LocalWorkSpace\partload\PL001\model\PL001.trc.
[2024-01-29 12:27:02.807] [warning] Marker SACR in torso measurement not found in C:\Users\blp7\LocalWorkSpace\partload\PL001\model\PL001.trc.
[2024-01-29 12:27:02.807] [info] Measurement 'arm'
[2024-01-29 12:27:02.807] [warning] Marker RSHO in arm measurement not found in PL001.
[2024-01-29 12:27:02.807] [warning] Marker RSHO in arm measurement not found in C:\Users\blp7\LocalWorkSpace\partload\PL001\model\PL001.trc.
[2024-01-29 12:27:02.807] [warning] Marker RFIN in arm measurement not found in C:\Users\blp7\LocalWorkSpace\partload\PL001\model\PL001.trc.
[2024-01-29 12:27:02.807] [info] Measurement 'limb'
[2024-01-29 12:27:02.807] [info] 	pair 0 (LKNE, LANK): model = 0.415517, experimental = 0.416061
[2024-01-29 12:27:02.807] [info] 	pair 1 (LASI, LANK): model = 0.909021, experimental = 0.91394
[2024-01-29 12:27:02.807] [info] 	pair 2 (RASI, RANK): model = 0.900783, experimental = 0.916044
[2024-01-29 12:27:02.807] [info] 	pair 3 (RKNE, RANK): model = 0.420709, experimental = 0.422665
[2024-01-29 12:27:02.807] [info] 	overall scale factor = 1.00708
[2024-01-29 12:27:02.813] [info] Loaded marker file C:\Users\blp7\LocalWorkSpace\partload\PL001\model\PL001.trc (94 markers, 27 frames)
